Flow report for de1soc
Mon Oct  5 10:42:19 2026
Quartus Prime Version 23.1std.0 Build 991 11/28/2023 SC Lite Edition


---------------------
; Table of Contents ;
---------------------
  1. Legal Notice
  2. Flow Summary
  3. Flow Settings
  4. Flow Non-Default Global Settings
  5. Flow Elapsed Time
  6. Flow OS Summary
  7. Flow Log
  8. Flow Messages
  9. Flow Suppressed Messages



----------------
; Legal Notice ;
----------------
Copyright (C) 2023  Intel Corporation. All rights reserved.
Your use of Intel Corporation's design tools, logic functions 
and other software and tools, and any partner logic 
functions, and any output files from any of the foregoing 
(including device programming or simulation files), and any 
associated documentation or information are expressly subject 
to the terms and conditions of the Intel Program License 
Subscription Agreement, the Intel Quartus Prime License Agreement,
the Intel FPGA IP License Agreement, or other applicable license
agreement, including, without limitation, that your use is for
the sole purpose of programming logic devices manufactured by
Intel and sold by Intel or its authorized distributors.  Please
refer to the applicable agreement for further details, at
https://fpgasoftware.intel.com/eula.



+----------------------------------------------------------------------------------+
; Flow Summary                                                                     ;
+---------------------------------+------------------------------------------------+
; Flow Status                     ; Successful - Mon Oct  5 10:42:09 2026          ;
; Quartus Prime Version           ; 23.1std.0 Build 991 11/28/2023 SC Lite Edition ;
; Revision Name                   ; de1soc                                         ;
; Top-level Entity Name           ; de1soc_top                                     ;
; Family                          ; Cyclone V                                      ;
; Device                          ; 5CSEMA5F31C6                                   ;
; Timing Models                   ; Final                                          ;
; Logic utilization (in ALMs)     ; 1 / 32,070 ( < 1 % )                           ;
; Total registers                 ; 0                                              ;
; Total pins                      ; 67 / 457 ( 15 % )                              ;
; Total virtual pins              ; 0                                              ;
; Total block memory bits         ; 0 / 4,065,280 ( 0 % )                          ;
; Total DSP Blocks                ; 0 / 87 ( 0 % )                                 ;
; Total HSSI RX PCSs              ; 0                                              ;
; Total HSSI PMA RX Deserializers ; 0                                              ;
; Total HSSI TX PCSs              ; 0                                              ;
; Total HSSI PMA TX Serializers   ; 0                                              ;
; Total PLLs                      ; 0 / 6 ( 0 % )                                  ;
; Total DLLs                      ; 0 / 4 ( 0 % )                                  ;
+---------------------------------+------------------------------------------------+


+-----------------------------------------+
; Flow Settings                           ;
+-------------------+---------------------+
; Option            ; Setting             ;
+-------------------+---------------------+
; Start date & time ; 10/05/2026 10:41:35 ;
; Main task         ; Compilation         ;
; Revision Name     ; de1soc              ;
+-------------------+---------------------+


+-------------------------------------------------------------------------------------------------------------------------------------+
; Flow Non-Default Global Settings                                                                                                    ;
+--------------------------------------------+----------------------------------------+--------------------+-------------+------------+
; Assignment Name                            ; Value                                  ; Default Value      ; Entity Name ; Section Id ;
+--------------------------------------------+----------------------------------------+--------------------+-------------+------------+
; ADVANCED_PHYSICAL_OPTIMIZATION             ; Off                                    ; On                 ; --          ; --         ;
; ALM_REGISTER_PACKING_EFFORT                ; Low                                    ; Medium             ; --          ; --         ;
; AUTO_SHIFT_REGISTER_RECOGNITION            ; Off                                    ; Auto               ; --          ; --         ;
; COMPILER_SIGNATURE_ID                      ; 84486698130007.179121129411244         ; --                 ; --          ; --         ;
; FINAL_PLACEMENT_OPTIMIZATION               ; Never                                  ; Automatically      ; --          ; --         ;
; FITTER_AGGRESSIVE_ROUTABILITY_OPTIMIZATION ; Never                                  ; Automatically      ; --          ; --         ;
; FITTER_EFFORT                              ; Fast Fit                               ; Auto Fit           ; --          ; --         ;
; MAX_CORE_JUNCTION_TEMP                     ; 85                                     ; --                 ; --          ; --         ;
; MIN_CORE_JUNCTION_TEMP                     ; 0                                      ; --                 ; --          ; --         ;
; OPTIMIZE_POWER_DURING_FITTING              ; Off                                    ; Normal compilation ; --          ; --         ;
; OPTIMIZE_POWER_DURING_SYNTHESIS            ; Off                                    ; Normal compilation ; --          ; --         ;
; OPTIMIZE_TIMING                            ; Off                                    ; Normal compilation ; --          ; --         ;
; PARTITION_COLOR                            ; -- (Not supported for targeted family) ; --                 ; de1soc_top  ; Top        ;
; PARTITION_FITTER_PRESERVATION_LEVEL        ; -- (Not supported for targeted family) ; --                 ; de1soc_top  ; Top        ;
; PARTITION_NETLIST_TYPE                     ; -- (Not supported for targeted family) ; --                 ; de1soc_top  ; Top        ;
; PHYSICAL_SYNTHESIS_EFFORT                  ; Fast                                   ; Normal             ; --          ; --         ;
; POWER_BOARD_THERMAL_MODEL                  ; None (CONSERVATIVE)                    ; --                 ; --          ; --         ;
; POWER_PRESET_COOLING_SOLUTION              ; 23 MM HEAT SINK WITH 200 LFPM AIRFLOW  ; --                 ; --          ; --         ;
; ROUTER_TIMING_OPTIMIZATION_LEVEL           ; MINIMUM                                ; Normal             ; --          ; --         ;
; TOP_LEVEL_ENTITY                           ; de1soc_top                             ; de1soc             ; --          ; --         ;
+--------------------------------------------+----------------------------------------+--------------------+-------------+------------+


+--------------------------------------------------------------------------------------------------------------------------+
; Flow Elapsed Time                                                                                                        ;
+----------------------+--------------+-------------------------+---------------------+------------------------------------+
; Module Name          ; Elapsed Time ; Average Processors Used ; Peak Virtual Memory ; Total CPU Time (on all processors) ;
+----------------------+--------------+-------------------------+---------------------+------------------------------------+
; Analysis & Synthesis ; 00:00:09     ; 1.0                     ; 4861 MB             ; 00:00:12                           ;
; Fitter               ; 00:00:13     ; 1.0                     ; 7319 MB             ; 00:00:30                           ;
; Assembler            ; 00:00:05     ; 1.0                     ; 5227 MB             ; 00:00:03                           ;
; Timing Analyzer      ; 00:00:09     ; 1.0                     ; 5420 MB             ; 00:00:04                           ;
; Total                ; 00:00:36     ; --                      ; --                  ; 00:00:49                           ;
+----------------------+--------------+-------------------------+---------------------+------------------------------------+


+------------------------------------------------------------------------------------+
; Flow OS Summary                                                                    ;
+----------------------+------------------+------------+------------+----------------+
; Module Name          ; Machine Hostname ; OS Name    ; OS Version ; Processor type ;
+----------------------+------------------+------------+------------+----------------+
; Analysis & Synthesis ; BA3165WS03       ; Windows 10 ; 10.0       ; x86_64         ;
; Fitter               ; BA3165WS03       ; Windows 10 ; 10.0       ; x86_64         ;
; Assembler            ; BA3165WS03       ; Windows 10 ; 10.0       ; x86_64         ;
; Timing Analyzer      ; BA3165WS03       ; Windows 10 ; 10.0       ; x86_64         ;
+----------------------+------------------+------------+------------+----------------+


------------
; Flow Log ;
------------
quartus_map --read_settings_files=on --write_settings_files=off de1soc -c de1soc
quartus_fit --read_settings_files=off --write_settings_files=off de1soc -c de1soc
quartus_asm --read_settings_files=off --write_settings_files=off de1soc -c de1soc
quartus_sta de1soc -c de1soc



